// Vitest Snapshot v1, https://vitest.dev/guide/snapshot.html

exports[`content registry > matches its snapshot 1`] = `
{
  "affixes": [
    {
      "effect": {
        "kind": "statMod",
        "op": "increased",
        "stat": "damage",
      },
      "id": "brutal",
      "kind": "prefix",
      "nameFragment": "Brutal",
      "tiers": [
        {
          "minStage": 1,
          "value": 0.021,
        },
        {
          "minStage": 15,
          "value": 0.031,
        },
        {
          "minStage": 40,
          "value": 0.041,
        },
        {
          "minStage": 80,
          "value": 0.055,
        },
      ],
    },
    {
      "effect": {
        "kind": "statMod",
        "op": "flat",
        "stat": "damage",
      },
      "id": "honed",
      "kind": "prefix",
      "nameFragment": "Honed",
      "tiers": [
        {
          "minStage": 1,
          "value": 1.3,
        },
        {
          "minStage": 15,
          "value": 2.1,
        },
        {
          "minStage": 40,
          "value": 2.8,
        },
        {
          "minStage": 80,
          "value": 3.4,
        },
      ],
    },
    {
      "effect": {
        "kind": "statMod",
        "op": "increased",
        "stat": "maxHp",
      },
      "id": "vital",
      "kind": "prefix",
      "nameFragment": "Vital",
      "rollsOn": "gear",
      "tiers": [
        {
          "minStage": 1,
          "value": 0.018,
        },
        {
          "minStage": 15,
          "value": 0.028,
        },
        {
          "minStage": 40,
          "value": 0.038,
        },
        {
          "minStage": 80,
          "value": 0.05,
        },
      ],
    },
    {
      "effect": {
        "kind": "statMod",
        "op": "flat",
        "stat": "maxHp",
      },
      "id": "bulwark",
      "kind": "prefix",
      "nameFragment": "Bulwark",
      "rollsOn": "gear",
      "tiers": [
        {
          "minStage": 1,
          "value": 1.5,
        },
        {
          "minStage": 15,
          "value": 2.6,
        },
        {
          "minStage": 40,
          "value": 3.8,
        },
        {
          "minStage": 80,
          "value": 5,
        },
      ],
    },
    {
      "effect": {
        "kind": "statMod",
        "op": "increased",
        "stat": "toughness",
      },
      "id": "armoured",
      "kind": "prefix",
      "nameFragment": "Armoured",
      "rollsOn": "gear",
      "tiers": [
        {
          "minStage": 1,
          "value": 0.017,
        },
        {
          "minStage": 15,
          "value": 0.027,
        },
        {
          "minStage": 40,
          "value": 0.036,
        },
        {
          "minStage": 80,
          "value": 0.048,
        },
      ],
    },
    {
      "effect": {
        "kind": "statMod",
        "op": "flat",
        "stat": "area",
      },
      "id": "sweeping",
      "kind": "prefix",
      "nameFragment": "Sweeping",
      "tiers": [
        {
          "minStage": 1,
          "value": 0.3,
        },
        {
          "minStage": 15,
          "value": 0.5,
        },
        {
          "minStage": 40,
          "value": 0.65,
        },
        {
          "minStage": 80,
          "value": 0.8,
        },
      ],
    },
    {
      "effect": {
        "kind": "statMod",
        "op": "flat",
        "stat": "damage",
      },
      "id": "savage",
      "kind": "prefix",
      "nameFragment": "Savage",
      "rollsOn": "physical",
      "tiers": [
        {
          "minStage": 1,
          "value": 2.6,
        },
        {
          "minStage": 15,
          "value": 4.2,
        },
        {
          "minStage": 40,
          "value": 5.6,
        },
        {
          "minStage": 80,
          "value": 6.8,
        },
      ],
    },
    {
      "effect": {
        "kind": "statMod",
        "op": "flat",
        "stat": "damage",
      },
      "id": "arcane",
      "kind": "prefix",
      "nameFragment": "Arcane",
      "rollsOn": "magical",
      "tiers": [
        {
          "minStage": 1,
          "value": 2.4,
        },
        {
          "minStage": 15,
          "value": 3.9,
        },
        {
          "minStage": 40,
          "value": 5.2,
        },
        {
          "minStage": 80,
          "value": 6.4,
        },
      ],
    },
    {
      "effect": {
        "kind": "statMod",
        "op": "flat",
        "stat": "resourceRegen",
      },
      "id": "resolute",
      "kind": "prefix",
      "nameFragment": "Resolute",
      "rollsOn": "gear",
      "tiers": [
        {
          "minStage": 1,
          "value": 0.06,
        },
        {
          "minStage": 15,
          "value": 0.1,
        },
        {
          "minStage": 40,
          "value": 0.14,
        },
        {
          "minStage": 80,
          "value": 0.18,
        },
      ],
    },
    {
      "effect": {
        "kind": "statMod",
        "op": "increased",
        "stat": "area",
      },
      "id": "titanic",
      "kind": "prefix",
      "nameFragment": "Titanic",
      "tiers": [
        {
          "minStage": 1,
          "value": 0.05,
        },
        {
          "minStage": 15,
          "value": 0.08,
        },
        {
          "minStage": 40,
          "value": 0.11,
        },
        {
          "minStage": 80,
          "value": 0.14,
        },
      ],
    },
    {
      "effect": {
        "kind": "statMod",
        "op": "increased",
        "stat": "toughness",
      },
      "id": "warded",
      "kind": "prefix",
      "nameFragment": "Warded",
      "rollsOn": "gear",
      "tiers": [
        {
          "minStage": 1,
          "value": 0.019,
        },
        {
          "minStage": 15,
          "value": 0.029,
        },
        {
          "minStage": 40,
          "value": 0.04,
        },
        {
          "minStage": 80,
          "value": 0.052,
        },
      ],
    },
    {
      "effect": {
        "element": "physical",
        "kind": "extraElement",
      },
      "id": "extra-physical",
      "kind": "prefix",
      "nameFragment": "Weighted",
      "tiers": [
        {
          "minStage": 1,
          "value": 0.012,
        },
        {
          "minStage": 15,
          "value": 0.019,
        },
        {
          "minStage": 40,
          "value": 0.025,
        },
        {
          "minStage": 80,
          "value": 0.033,
        },
      ],
    },
    {
      "effect": {
        "element": "fire",
        "kind": "extraElement",
      },
      "id": "extra-fire",
      "kind": "prefix",
      "nameFragment": "Smouldering",
      "tiers": [
        {
          "minStage": 1,
          "value": 0.012,
        },
        {
          "minStage": 15,
          "value": 0.019,
        },
        {
          "minStage": 40,
          "value": 0.025,
        },
        {
          "minStage": 80,
          "value": 0.033,
        },
      ],
    },
    {
      "effect": {
        "element": "cold",
        "kind": "extraElement",
      },
      "id": "extra-cold",
      "kind": "prefix",
      "nameFragment": "Rimed",
      "tiers": [
        {
          "minStage": 1,
          "value": 0.012,
        },
        {
          "minStage": 15,
          "value": 0.019,
        },
        {
          "minStage": 40,
          "value": 0.025,
        },
        {
          "minStage": 80,
          "value": 0.033,
        },
      ],
    },
    {
      "effect": {
        "element": "lightning",
        "kind": "extraElement",
      },
      "id": "extra-lightning",
      "kind": "prefix",
      "nameFragment": "Charged",
      "tiers": [
        {
          "minStage": 1,
          "value": 0.012,
        },
        {
          "minStage": 15,
          "value": 0.019,
        },
        {
          "minStage": 40,
          "value": 0.025,
        },
        {
          "minStage": 80,
          "value": 0.033,
        },
      ],
    },
    {
      "effect": {
        "element": "darkness",
        "kind": "extraElement",
      },
      "id": "extra-darkness",
      "kind": "prefix",
      "nameFragment": "Shadowed",
      "tiers": [
        {
          "minStage": 1,
          "value": 0.012,
        },
        {
          "minStage": 15,
          "value": 0.019,
        },
        {
          "minStage": 40,
          "value": 0.025,
        },
        {
          "minStage": 80,
          "value": 0.033,
        },
      ],
    },
    {
      "effect": {
        "kind": "statMod",
        "op": "increased",
        "stat": "attackSpeed",
      },
      "id": "of-haste",
      "kind": "suffix",
      "nameFragment": "of Haste",
      "tiers": [
        {
          "minStage": 1,
          "value": 0.015,
        },
        {
          "minStage": 15,
          "value": 0.023,
        },
        {
          "minStage": 40,
          "value": 0.031,
        },
        {
          "minStage": 80,
          "value": 0.042,
        },
      ],
    },
    {
      "effect": {
        "kind": "statMod",
        "op": "flat",
        "stat": "attackSpeed",
      },
      "id": "of-fury",
      "kind": "suffix",
      "nameFragment": "of Fury",
      "tiers": [
        {
          "minStage": 1,
          "value": 0.024,
        },
        {
          "minStage": 15,
          "value": 0.039,
        },
        {
          "minStage": 40,
          "value": 0.053,
        },
        {
          "minStage": 80,
          "value": 0.065,
        },
      ],
    },
    {
      "effect": {
        "kind": "statMod",
        "op": "flat",
        "stat": "critChance",
      },
      "id": "of-precision",
      "kind": "suffix",
      "nameFragment": "of Precision",
      "tiers": [
        {
          "minStage": 1,
          "value": 0.007,
        },
        {
          "minStage": 15,
          "value": 0.013,
        },
        {
          "minStage": 40,
          "value": 0.018,
        },
        {
          "minStage": 80,
          "value": 0.022,
        },
      ],
    },
    {
      "effect": {
        "kind": "statMod",
        "op": "increased",
        "stat": "critChance",
      },
      "id": "of-focus",
      "kind": "suffix",
      "nameFragment": "of Focus",
      "tiers": [
        {
          "minStage": 1,
          "value": 0.058,
        },
        {
          "minStage": 15,
          "value": 0.092,
        },
        {
          "minStage": 40,
          "value": 0.126,
        },
        {
          "minStage": 80,
          "value": 0.16,
        },
      ],
    },
    {
      "effect": {
        "kind": "statMod",
        "op": "flat",
        "stat": "critMult",
      },
      "id": "of-ruin",
      "kind": "suffix",
      "nameFragment": "of Ruin",
      "tiers": [
        {
          "minStage": 1,
          "value": 0.1,
        },
        {
          "minStage": 15,
          "value": 0.16,
        },
        {
          "minStage": 40,
          "value": 0.22,
        },
        {
          "minStage": 80,
          "value": 0.29,
        },
      ],
    },
    {
      "effect": {
        "kind": "statMod",
        "op": "increased",
        "stat": "critMult",
      },
      "id": "of-cruelty",
      "kind": "suffix",
      "nameFragment": "of Cruelty",
      "tiers": [
        {
          "minStage": 1,
          "value": 0.032,
        },
        {
          "minStage": 15,
          "value": 0.052,
        },
        {
          "minStage": 40,
          "value": 0.071,
        },
        {
          "minStage": 80,
          "value": 0.092,
        },
      ],
    },
    {
      "effect": {
        "kind": "statMod",
        "op": "increased",
        "stat": "goldFind",
      },
      "id": "of-avarice",
      "kind": "suffix",
      "nameFragment": "of Avarice",
      "rollsOn": "gear",
      "tiers": [
        {
          "minStage": 1,
          "value": 0.06,
        },
        {
          "minStage": 15,
          "value": 0.09,
        },
        {
          "minStage": 40,
          "value": 0.12,
        },
        {
          "minStage": 80,
          "value": 0.15,
        },
      ],
    },
    {
      "effect": {
        "kind": "statMod",
        "op": "increased",
        "stat": "toughness",
      },
      "id": "of-stone",
      "kind": "suffix",
      "nameFragment": "of Stone",
      "rollsOn": "gear",
      "tiers": [
        {
          "minStage": 1,
          "value": 0.015,
        },
        {
          "minStage": 15,
          "value": 0.024,
        },
        {
          "minStage": 40,
          "value": 0.033,
        },
        {
          "minStage": 80,
          "value": 0.043,
        },
      ],
    },
    {
      "effect": {
        "kind": "statMod",
        "op": "increased",
        "stat": "maxHp",
      },
      "id": "of-vigour",
      "kind": "suffix",
      "nameFragment": "of Vigour",
      "rollsOn": "gear",
      "tiers": [
        {
          "minStage": 1,
          "value": 0.016,
        },
        {
          "minStage": 15,
          "value": 0.025,
        },
        {
          "minStage": 40,
          "value": 0.034,
        },
        {
          "minStage": 80,
          "value": 0.045,
        },
      ],
    },
    {
      "effect": {
        "kind": "statMod",
        "op": "increased",
        "stat": "resourceRegen",
      },
      "id": "of-endurance",
      "kind": "suffix",
      "nameFragment": "of Endurance",
      "rollsOn": "physical",
      "tiers": [
        {
          "minStage": 1,
          "value": 0.05,
        },
        {
          "minStage": 15,
          "value": 0.08,
        },
        {
          "minStage": 40,
          "value": 0.11,
        },
        {
          "minStage": 80,
          "value": 0.145,
        },
      ],
    },
    {
      "effect": {
        "kind": "statMod",
        "op": "increased",
        "stat": "resourceRegen",
      },
      "id": "of-clarity",
      "kind": "suffix",
      "nameFragment": "of Clarity",
      "rollsOn": "magical",
      "tiers": [
        {
          "minStage": 1,
          "value": 0.057,
        },
        {
          "minStage": 15,
          "value": 0.088,
        },
        {
          "minStage": 40,
          "value": 0.122,
        },
        {
          "minStage": 80,
          "value": 0.158,
        },
      ],
    },
    {
      "effect": {
        "kind": "statMod",
        "op": "increased",
        "stat": "resourceRegen",
      },
      "id": "of-recovery",
      "kind": "suffix",
      "nameFragment": "of Recovery",
      "rollsOn": "gear",
      "tiers": [
        {
          "minStage": 1,
          "value": 0.035,
        },
        {
          "minStage": 15,
          "value": 0.06,
        },
        {
          "minStage": 40,
          "value": 0.085,
        },
        {
          "minStage": 80,
          "value": 0.105,
        },
      ],
    },
    {
      "effect": {
        "kind": "statMod",
        "op": "flat",
        "stat": "physicalSkillLevel",
      },
      "id": "of-mastery",
      "kind": "suffix",
      "nameFragment": "of Mastery",
      "rollsOn": "physical",
      "tiers": [
        {
          "minStage": 1,
          "value": 1,
        },
        {
          "minStage": 15,
          "value": 2,
        },
        {
          "minStage": 40,
          "value": 3,
        },
        {
          "minStage": 80,
          "value": 4,
        },
      ],
    },
    {
      "effect": {
        "kind": "statMod",
        "op": "flat",
        "stat": "magicalSkillLevel",
      },
      "id": "of-attunement",
      "kind": "suffix",
      "nameFragment": "of Attunement",
      "rollsOn": "magical",
      "tiers": [
        {
          "minStage": 1,
          "value": 1,
        },
        {
          "minStage": 15,
          "value": 2,
        },
        {
          "minStage": 40,
          "value": 3,
        },
        {
          "minStage": 80,
          "value": 4,
        },
      ],
    },
    {
      "effect": {
        "kind": "statMod",
        "op": "flat",
        "stat": "penetration",
      },
      "id": "of-sundering",
      "kind": "suffix",
      "nameFragment": "of Sundering",
      "tiers": [
        {
          "minStage": 1,
          "value": 0.008,
        },
        {
          "minStage": 15,
          "value": 0.014,
        },
        {
          "minStage": 40,
          "value": 0.02,
        },
        {
          "minStage": 80,
          "value": 0.026,
        },
      ],
    },
    {
      "effect": {
        "axis": "hp",
        "kind": "monsterBuff",
      },
      "id": "tablet-bloated",
      "kind": "prefix",
      "nameFragment": "Bloated",
      "rollsOn": "tablet",
      "tiers": [
        {
          "minStage": 1,
          "value": 0.15,
        },
        {
          "minStage": 4,
          "value": 0.25,
        },
        {
          "minStage": 8,
          "value": 0.35,
        },
        {
          "minStage": 12,
          "value": 0.45,
        },
      ],
    },
    {
      "effect": {
        "axis": "damage",
        "kind": "monsterBuff",
      },
      "id": "tablet-savage",
      "kind": "prefix",
      "nameFragment": "Savage",
      "rollsOn": "tablet",
      "tiers": [
        {
          "minStage": 1,
          "value": 0.12,
        },
        {
          "minStage": 4,
          "value": 0.2,
        },
        {
          "minStage": 8,
          "value": 0.28,
        },
        {
          "minStage": 12,
          "value": 0.36,
        },
      ],
    },
    {
      "effect": {
        "axis": "count",
        "kind": "monsterBuff",
      },
      "id": "tablet-teeming",
      "kind": "prefix",
      "nameFragment": "Teeming",
      "rollsOn": "tablet",
      "tiers": [
        {
          "minStage": 1,
          "value": 0.14,
        },
        {
          "minStage": 4,
          "value": 0.22,
        },
        {
          "minStage": 8,
          "value": 0.3,
        },
        {
          "minStage": 12,
          "value": 0.4,
        },
      ],
    },
    {
      "effect": {
        "axis": "waves",
        "kind": "monsterBuff",
      },
      "id": "tablet-endless",
      "kind": "prefix",
      "nameFragment": "Endless",
      "rollsOn": "tablet",
      "tiers": [
        {
          "minStage": 1,
          "value": 0.2,
        },
        {
          "minStage": 4,
          "value": 0.3,
        },
        {
          "minStage": 8,
          "value": 0.4,
        },
        {
          "minStage": 12,
          "value": 0.5,
        },
      ],
    },
    {
      "effect": {
        "axis": "hp",
        "kind": "monsterBuff",
      },
      "id": "tablet-of-stone",
      "kind": "suffix",
      "nameFragment": "of Stone",
      "rollsOn": "tablet",
      "tiers": [
        {
          "minStage": 1,
          "value": 0.08,
        },
        {
          "minStage": 4,
          "value": 0.13,
        },
        {
          "minStage": 8,
          "value": 0.18,
        },
        {
          "minStage": 12,
          "value": 0.24,
        },
      ],
    },
    {
      "effect": {
        "axis": "damage",
        "kind": "monsterBuff",
      },
      "id": "tablet-of-fury",
      "kind": "suffix",
      "nameFragment": "of Fury",
      "rollsOn": "tablet",
      "tiers": [
        {
          "minStage": 1,
          "value": 0.07,
        },
        {
          "minStage": 4,
          "value": 0.11,
        },
        {
          "minStage": 8,
          "value": 0.15,
        },
        {
          "minStage": 12,
          "value": 0.2,
        },
      ],
    },
    {
      "effect": {
        "axis": "count",
        "kind": "monsterBuff",
      },
      "id": "tablet-of-the-swarm",
      "kind": "suffix",
      "nameFragment": "of the Swarm",
      "rollsOn": "tablet",
      "tiers": [
        {
          "minStage": 1,
          "value": 0.09,
        },
        {
          "minStage": 4,
          "value": 0.14,
        },
        {
          "minStage": 8,
          "value": 0.19,
        },
        {
          "minStage": 12,
          "value": 0.25,
        },
      ],
    },
    {
      "effect": {
        "axis": "waves",
        "kind": "monsterBuff",
      },
      "id": "tablet-of-descent",
      "kind": "suffix",
      "nameFragment": "of Descent",
      "rollsOn": "tablet",
      "tiers": [
        {
          "minStage": 1,
          "value": 0.1,
        },
        {
          "minStage": 4,
          "value": 0.16,
        },
        {
          "minStage": 8,
          "value": 0.22,
        },
        {
          "minStage": 12,
          "value": 0.28,
        },
      ],
    },
  ],
  "bases": [
    {
      "id": "whetstone",
      "name": "Whetstone",
      "sprite": "item.whetstone",
    },
    {
      "id": "glove",
      "name": "Glove",
      "sprite": "item.quickdraw_glove",
    },
    {
      "id": "purse",
      "name": "Purse",
      "sprite": "item.coin_purse",
    },
    {
      "id": "sigil",
      "name": "Sigil",
      "sprite": "item.executioners_mark",
    },
    {
      "id": "blade",
      "name": "Blade",
      "sprite": "item.giant_slayer",
    },
    {
      "id": "lens",
      "name": "Lens",
      "sprite": "item.swarm_lens",
    },
    {
      "id": "charm",
      "name": "Charm",
      "sprite": "item.bloodstone",
    },
    {
      "id": "idol",
      "name": "Idol",
      "sprite": "item.deep_delvers_idol",
    },
    {
      "id": "axe",
      "name": "Axe",
      "skillId": "sunder",
      "sprite": "item.axe",
    },
    {
      "id": "maul",
      "name": "Maul",
      "skillId": "cleave",
      "sprite": "item.maul",
    },
    {
      "id": "wand",
      "name": "Wand",
      "skillId": "fireball",
      "sprite": "item.wand",
    },
    {
      "id": "staff",
      "name": "Staff",
      "skillId": "frost-nova",
      "sprite": "item.staff",
    },
    {
      "id": "hoarding-tablet",
      "name": "Hoarding Tablet",
      "pays": "quantity",
      "sprite": "item.deep_delvers_idol",
    },
    {
      "id": "auspicious-tablet",
      "name": "Auspicious Tablet",
      "pays": "rarity",
      "sprite": "item.swarm_lens",
    },
    {
      "id": "gilded-tablet",
      "name": "Gilded Tablet",
      "pays": "gold",
      "sprite": "item.coin_purse",
    },
  ],
  "uniques": [
    {
      "dropStage": 1,
      "effects": [
        {
          "kind": "statMod",
          "op": "more",
          "roll": {
            "max": 1.5,
            "min": 1.2,
          },
          "stat": "damage",
        },
      ],
      "id": "whetstone",
      "name": "The Whetstone",
      "sprite": "item.whetstone",
      "tier": "lesser",
    },
    {
      "dropStage": 1,
      "effects": [
        {
          "kind": "statMod",
          "op": "more",
          "roll": {
            "max": 1.42,
            "min": 1.18,
          },
          "stat": "attackSpeed",
        },
      ],
      "id": "quickdraw-glove",
      "name": "Quickdraw Glove",
      "sprite": "item.quickdraw_glove",
      "tier": "lesser",
    },
    {
      "dropStage": 3,
      "effects": [
        {
          "kind": "goldOnKill",
          "roll": {
            "max": 0.8,
            "min": 0.4,
          },
        },
      ],
      "id": "coin-purse",
      "name": "Bottomless Purse",
      "sprite": "item.coin_purse",
      "tier": "lesser",
    },
    {
      "dropStage": 8,
      "effects": [
        {
          "kind": "statMod",
          "op": "more",
          "roll": {
            "max": 2.2,
            "min": 1.6,
          },
          "stat": "damage",
          "when": {
            "enemyHpBelow": 0.3,
          },
        },
      ],
      "id": "executioners-mark",
      "name": "Executioner's Mark",
      "sprite": "item.executioners_mark",
      "tier": "greater",
    },
    {
      "dropStage": 12,
      "effects": [
        {
          "kind": "statMod",
          "op": "more",
          "roll": {
            "max": 1.95,
            "min": 1.45,
          },
          "stat": "damage",
          "when": {
            "isBoss": true,
          },
        },
        {
          "kind": "statMod",
          "op": "flat",
          "roll": {
            "max": -1,
            "min": -1,
          },
          "stat": "area",
        },
      ],
      "id": "giant-slayer",
      "name": "Giant Slayer",
      "sprite": "item.giant_slayer",
      "tier": "greater",
    },
    {
      "dropStage": 20,
      "effects": [
        {
          "kind": "statMod",
          "op": "flat",
          "roll": {
            "max": 5,
            "min": 3,
          },
          "stat": "area",
        },
        {
          "kind": "statMod",
          "op": "more",
          "roll": {
            "max": 0.8,
            "min": 0.8,
          },
          "stat": "damage",
        },
      ],
      "id": "swarm-lens",
      "name": "Swarm Lens",
      "sprite": "item.swarm_lens",
      "tier": "greater",
    },
    {
      "dropStage": 25,
      "effects": [
        {
          "kind": "statMod",
          "op": "flat",
          "roll": {
            "max": 0.24,
            "min": 0.12,
          },
          "stat": "critChance",
        },
        {
          "kind": "statMod",
          "op": "flat",
          "roll": {
            "max": 0.8,
            "min": 0.4,
          },
          "stat": "critMult",
        },
        {
          "kind": "statMod",
          "op": "more",
          "roll": {
            "max": 0.75,
            "min": 0.75,
          },
          "stat": "maxHp",
        },
      ],
      "id": "bloodstone",
      "name": "Bloodstone",
      "sprite": "item.bloodstone",
      "tier": "ancient",
    },
    {
      "dropStage": 40,
      "effects": [
        {
          "kind": "statMod",
          "op": "more",
          "roll": {
            "max": 2.4,
            "min": 1.6,
          },
          "stat": "goldFind",
          "when": {
            "stageAtLeast": 40,
          },
        },
        {
          "kind": "goldOnKill",
          "roll": {
            "max": 0.65,
            "min": 0.35,
          },
          "when": {
            "isBoss": true,
          },
        },
      ],
      "id": "deep-delvers-idol",
      "name": "Deep Delver's Idol",
      "sprite": "item.deep_delvers_idol",
      "tier": "ancient",
    },
    {
      "dropStage": 15,
      "effects": [
        {
          "kind": "statMod",
          "op": "more",
          "roll": {
            "max": 0,
            "min": 0,
          },
          "stat": "critChance",
        },
        {
          "kind": "statMod",
          "op": "increased",
          "roll": {
            "max": 1.2,
            "min": 0.7,
          },
          "stat": "damage",
        },
      ],
      "id": "berserkers-anvil",
      "name": "Berserker's Anvil",
      "sprite": "item.berserkers_anvil",
      "tier": "greater",
    },
    {
      "dropStage": 18,
      "effects": [
        {
          "kind": "statMod",
          "op": "increased",
          "roll": {
            "max": 1.4,
            "min": 0.6,
          },
          "stat": "critMult",
        },
        {
          "kind": "statMod",
          "op": "increased",
          "roll": {
            "max": -0.3,
            "min": -0.5,
          },
          "stat": "critChance",
        },
      ],
      "id": "duelists-visor",
      "name": "Duelist's Visor",
      "sprite": "item.duelists_visor",
      "tier": "greater",
    },
    {
      "dropStage": 22,
      "effects": [
        {
          "kind": "keyDrop",
          "roll": {
            "max": 2.4,
            "min": 1.6,
          },
        },
        {
          "kind": "statMod",
          "op": "increased",
          "roll": {
            "max": -0.2,
            "min": -0.4,
          },
          "stat": "goldFind",
        },
      ],
      "id": "wardens-coffer",
      "name": "Warden's Coffer",
      "sprite": "item.wardens_coffer",
      "tier": "greater",
    },
    {
      "dropStage": 30,
      "effects": [
        {
          "kind": "statMod",
          "op": "more",
          "roll": {
            "max": 1.9,
            "min": 1.4,
          },
          "stat": "toughness",
        },
        {
          "kind": "statMod",
          "op": "more",
          "roll": {
            "max": 0.75,
            "min": 0.75,
          },
          "stat": "damage",
        },
      ],
      "id": "bulwark-of-the-deep",
      "name": "Bulwark of the Deep",
      "sprite": "item.bulwark_of_the_deep",
      "tier": "ancient",
    },
    {
      "dropStage": 35,
      "effects": [
        {
          "kind": "equipSlots",
          "roll": {
            "max": 2,
            "min": 1,
          },
        },
        {
          "kind": "statMod",
          "op": "more",
          "roll": {
            "max": 0.92,
            "min": 0.92,
          },
          "stat": "damage",
        },
      ],
      "id": "travellers-harness",
      "name": "Traveller's Harness",
      "sprite": "item.travellers_harness",
      "tier": "ancient",
    },
    {
      "dropStage": 45,
      "effects": [
        {
          "kind": "amplifyOthers",
          "roll": {
            "max": 2.4,
            "min": 1.6,
          },
        },
        {
          "kind": "equipSlots",
          "roll": {
            "max": -1,
            "min": -1,
          },
        },
      ],
      "id": "monomaniacs-seal",
      "name": "Monomaniac's Seal",
      "sprite": "item.monomaniacs_seal",
      "tier": "ancient",
    },
  ],
}
`;
