// Vitest Snapshot v1, https://vitest.dev/guide/snapshot.html

exports[`content registry > matches its snapshot 1`] = `
{
  "affixes": [
    {
      "effect": {
        "kind": "statMod",
        "op": "increased",
        "stat": "damage",
      },
      "id": "brutal",
      "kind": "prefix",
      "nameFragment": "Brutal",
      "tiers": [
        {
          "minStage": 1,
          "value": 0.021,
        },
        {
          "minStage": 15,
          "value": 0.031,
        },
        {
          "minStage": 40,
          "value": 0.041,
        },
        {
          "minStage": 80,
          "value": 0.055,
        },
      ],
    },
    {
      "effect": {
        "kind": "statMod",
        "op": "flat",
        "stat": "damage",
      },
      "id": "honed",
      "kind": "prefix",
      "nameFragment": "Honed",
      "tiers": [
        {
          "minStage": 1,
          "value": 1.3,
        },
        {
          "minStage": 15,
          "value": 2.1,
        },
        {
          "minStage": 40,
          "value": 2.8,
        },
        {
          "minStage": 80,
          "value": 3.4,
        },
      ],
    },
    {
      "effect": {
        "kind": "statMod",
        "op": "increased",
        "stat": "maxHp",
      },
      "id": "vital",
      "kind": "prefix",
      "nameFragment": "Vital",
      "tiers": [
        {
          "minStage": 1,
          "value": 0.018,
        },
        {
          "minStage": 15,
          "value": 0.028,
        },
        {
          "minStage": 40,
          "value": 0.038,
        },
        {
          "minStage": 80,
          "value": 0.05,
        },
      ],
    },
    {
      "effect": {
        "kind": "statMod",
        "op": "flat",
        "stat": "maxHp",
      },
      "id": "bulwark",
      "kind": "prefix",
      "nameFragment": "Bulwark",
      "tiers": [
        {
          "minStage": 1,
          "value": 1.5,
        },
        {
          "minStage": 15,
          "value": 2.6,
        },
        {
          "minStage": 40,
          "value": 3.8,
        },
        {
          "minStage": 80,
          "value": 5,
        },
      ],
    },
    {
      "effect": {
        "kind": "statMod",
        "op": "increased",
        "stat": "toughness",
      },
      "id": "armoured",
      "kind": "prefix",
      "nameFragment": "Armoured",
      "tiers": [
        {
          "minStage": 1,
          "value": 0.017,
        },
        {
          "minStage": 15,
          "value": 0.027,
        },
        {
          "minStage": 40,
          "value": 0.036,
        },
        {
          "minStage": 80,
          "value": 0.048,
        },
      ],
    },
    {
      "effect": {
        "kind": "statMod",
        "op": "flat",
        "stat": "area",
      },
      "id": "sweeping",
      "kind": "prefix",
      "nameFragment": "Sweeping",
      "tiers": [
        {
          "minStage": 1,
          "value": 0.3,
        },
        {
          "minStage": 15,
          "value": 0.5,
        },
        {
          "minStage": 40,
          "value": 0.65,
        },
        {
          "minStage": 80,
          "value": 0.8,
        },
      ],
    },
    {
      "effect": {
        "kind": "statMod",
        "op": "increased",
        "stat": "area",
      },
      "id": "titanic",
      "kind": "prefix",
      "nameFragment": "Titanic",
      "tiers": [
        {
          "minStage": 1,
          "value": 0.05,
        },
        {
          "minStage": 15,
          "value": 0.08,
        },
        {
          "minStage": 40,
          "value": 0.11,
        },
        {
          "minStage": 80,
          "value": 0.14,
        },
      ],
    },
    {
      "effect": {
        "kind": "statMod",
        "op": "increased",
        "stat": "toughness",
      },
      "id": "warded",
      "kind": "prefix",
      "nameFragment": "Warded",
      "tiers": [
        {
          "minStage": 1,
          "value": 0.019,
        },
        {
          "minStage": 15,
          "value": 0.029,
        },
        {
          "minStage": 40,
          "value": 0.04,
        },
        {
          "minStage": 80,
          "value": 0.052,
        },
      ],
    },
    {
      "effect": {
        "kind": "statMod",
        "op": "increased",
        "stat": "attackSpeed",
      },
      "id": "of-haste",
      "kind": "suffix",
      "nameFragment": "of Haste",
      "tiers": [
        {
          "minStage": 1,
          "value": 0.015,
        },
        {
          "minStage": 15,
          "value": 0.023,
        },
        {
          "minStage": 40,
          "value": 0.031,
        },
        {
          "minStage": 80,
          "value": 0.042,
        },
      ],
    },
    {
      "effect": {
        "kind": "statMod",
        "op": "flat",
        "stat": "attackSpeed",
      },
      "id": "of-fury",
      "kind": "suffix",
      "nameFragment": "of Fury",
      "tiers": [
        {
          "minStage": 1,
          "value": 0.024,
        },
        {
          "minStage": 15,
          "value": 0.039,
        },
        {
          "minStage": 40,
          "value": 0.053,
        },
        {
          "minStage": 80,
          "value": 0.065,
        },
      ],
    },
    {
      "effect": {
        "kind": "statMod",
        "op": "flat",
        "stat": "critChance",
      },
      "id": "of-precision",
      "kind": "suffix",
      "nameFragment": "of Precision",
      "tiers": [
        {
          "minStage": 1,
          "value": 0.007,
        },
        {
          "minStage": 15,
          "value": 0.013,
        },
        {
          "minStage": 40,
          "value": 0.018,
        },
        {
          "minStage": 80,
          "value": 0.022,
        },
      ],
    },
    {
      "effect": {
        "kind": "statMod",
        "op": "increased",
        "stat": "critChance",
      },
      "id": "of-focus",
      "kind": "suffix",
      "nameFragment": "of Focus",
      "tiers": [
        {
          "minStage": 1,
          "value": 0.058,
        },
        {
          "minStage": 15,
          "value": 0.092,
        },
        {
          "minStage": 40,
          "value": 0.126,
        },
        {
          "minStage": 80,
          "value": 0.16,
        },
      ],
    },
    {
      "effect": {
        "kind": "statMod",
        "op": "flat",
        "stat": "critMult",
      },
      "id": "of-ruin",
      "kind": "suffix",
      "nameFragment": "of Ruin",
      "tiers": [
        {
          "minStage": 1,
          "value": 0.1,
        },
        {
          "minStage": 15,
          "value": 0.16,
        },
        {
          "minStage": 40,
          "value": 0.22,
        },
        {
          "minStage": 80,
          "value": 0.29,
        },
      ],
    },
    {
      "effect": {
        "kind": "statMod",
        "op": "increased",
        "stat": "critMult",
      },
      "id": "of-cruelty",
      "kind": "suffix",
      "nameFragment": "of Cruelty",
      "tiers": [
        {
          "minStage": 1,
          "value": 0.032,
        },
        {
          "minStage": 15,
          "value": 0.052,
        },
        {
          "minStage": 40,
          "value": 0.071,
        },
        {
          "minStage": 80,
          "value": 0.092,
        },
      ],
    },
    {
      "effect": {
        "kind": "statMod",
        "op": "increased",
        "stat": "goldFind",
      },
      "id": "of-avarice",
      "kind": "suffix",
      "nameFragment": "of Avarice",
      "tiers": [
        {
          "minStage": 1,
          "value": 0.06,
        },
        {
          "minStage": 15,
          "value": 0.09,
        },
        {
          "minStage": 40,
          "value": 0.12,
        },
        {
          "minStage": 80,
          "value": 0.15,
        },
      ],
    },
    {
      "effect": {
        "kind": "statMod",
        "op": "increased",
        "stat": "toughness",
      },
      "id": "of-stone",
      "kind": "suffix",
      "nameFragment": "of Stone",
      "tiers": [
        {
          "minStage": 1,
          "value": 0.015,
        },
        {
          "minStage": 15,
          "value": 0.024,
        },
        {
          "minStage": 40,
          "value": 0.033,
        },
        {
          "minStage": 80,
          "value": 0.043,
        },
      ],
    },
    {
      "effect": {
        "kind": "statMod",
        "op": "increased",
        "stat": "maxHp",
      },
      "id": "of-vigour",
      "kind": "suffix",
      "nameFragment": "of Vigour",
      "tiers": [
        {
          "minStage": 1,
          "value": 0.016,
        },
        {
          "minStage": 15,
          "value": 0.025,
        },
        {
          "minStage": 40,
          "value": 0.034,
        },
        {
          "minStage": 80,
          "value": 0.045,
        },
      ],
    },
  ],
  "bases": [
    {
      "id": "whetstone",
      "name": "Whetstone",
      "sprite": "item.whetstone",
    },
    {
      "id": "glove",
      "name": "Glove",
      "sprite": "item.quickdraw_glove",
    },
    {
      "id": "purse",
      "name": "Purse",
      "sprite": "item.coin_purse",
    },
    {
      "id": "sigil",
      "name": "Sigil",
      "sprite": "item.executioners_mark",
    },
    {
      "id": "blade",
      "name": "Blade",
      "sprite": "item.giant_slayer",
    },
    {
      "id": "lens",
      "name": "Lens",
      "sprite": "item.swarm_lens",
    },
    {
      "id": "charm",
      "name": "Charm",
      "sprite": "item.bloodstone",
    },
    {
      "id": "idol",
      "name": "Idol",
      "sprite": "item.deep_delvers_idol",
    },
  ],
  "uniques": [
    {
      "dropStage": 1,
      "effects": [
        {
          "kind": "statMod",
          "op": "more",
          "stat": "damage",
          "value": 1.35,
        },
      ],
      "id": "whetstone",
      "name": "The Whetstone",
      "sprite": "item.whetstone",
    },
    {
      "dropStage": 1,
      "effects": [
        {
          "kind": "statMod",
          "op": "more",
          "stat": "attackSpeed",
          "value": 1.3,
        },
      ],
      "id": "quickdraw-glove",
      "name": "Quickdraw Glove",
      "sprite": "item.quickdraw_glove",
    },
    {
      "dropStage": 3,
      "effects": [
        {
          "kind": "goldOnKill",
          "multiplier": 0.6,
        },
      ],
      "id": "coin-purse",
      "name": "Bottomless Purse",
      "sprite": "item.coin_purse",
    },
    {
      "dropStage": 8,
      "effects": [
        {
          "kind": "statMod",
          "op": "more",
          "stat": "damage",
          "value": 1.9,
          "when": {
            "enemyHpBelow": 0.3,
          },
        },
      ],
      "id": "executioners-mark",
      "name": "Executioner's Mark",
      "sprite": "item.executioners_mark",
    },
    {
      "dropStage": 12,
      "effects": [
        {
          "kind": "statMod",
          "op": "more",
          "stat": "damage",
          "value": 1.7,
          "when": {
            "isBoss": true,
          },
        },
        {
          "kind": "statMod",
          "op": "flat",
          "stat": "area",
          "value": -1,
        },
      ],
      "id": "giant-slayer",
      "name": "Giant Slayer",
      "sprite": "item.giant_slayer",
    },
    {
      "dropStage": 20,
      "effects": [
        {
          "kind": "statMod",
          "op": "flat",
          "stat": "area",
          "value": 4,
        },
        {
          "kind": "statMod",
          "op": "more",
          "stat": "damage",
          "value": 0.8,
        },
      ],
      "id": "swarm-lens",
      "name": "Swarm Lens",
      "sprite": "item.swarm_lens",
    },
    {
      "dropStage": 25,
      "effects": [
        {
          "kind": "statMod",
          "op": "flat",
          "stat": "critChance",
          "value": 0.18,
        },
        {
          "kind": "statMod",
          "op": "flat",
          "stat": "critMult",
          "value": 0.6,
        },
        {
          "kind": "statMod",
          "op": "more",
          "stat": "maxHp",
          "value": 0.75,
        },
      ],
      "id": "bloodstone",
      "name": "Bloodstone",
      "sprite": "item.bloodstone",
    },
    {
      "dropStage": 40,
      "effects": [
        {
          "kind": "statMod",
          "op": "more",
          "stat": "goldFind",
          "value": 2,
          "when": {
            "stageAtLeast": 40,
          },
        },
        {
          "kind": "goldOnKill",
          "multiplier": 0.5,
          "when": {
            "isBoss": true,
          },
        },
      ],
      "id": "deep-delvers-idol",
      "name": "Deep Delver's Idol",
      "sprite": "item.deep_delvers_idol",
    },
  ],
}
`;
